../Core/Src/main.c:99:6:lcd_bar	32	static
../Core/Src/main.c:118:5:main	72	static
../Core/Src/main.c:296:6:SystemClock_Config	88	static
../Core/Src/main.c:342:13:MX_ADC1_Init	24	static
../Core/Src/main.c:403:13:MX_I2C1_Init	8	static
../Core/Src/main.c:451:13:MX_TIM2_Init	48	static
../Core/Src/main.c:500:13:MX_TIM3_Init	32	static
../Core/Src/main.c:545:13:MX_USART3_UART_Init	8	static
../Core/Src/main.c:578:13:MX_USART6_UART_Init	8	static
../Core/Src/main.c:611:13:MX_USB_OTG_FS_PCD_Init	8	static
../Core/Src/main.c:646:13:MX_GPIO_Init	56	static
../Core/Src/main.c:736:6:HAL_TIM_PeriodElapsedCallback	16	static
../Core/Src/main.c:752:6:HAL_GPIO_EXTI_Callback	24	static
../Core/Src/main.c:772:6:Error_Handler	4	static,ignoring_inline_asm
