../Core/Src/main.c:99:6:lcd_bar	3
../Core/Src/main.c:118:5:main	15
../Core/Src/main.c:296:6:SystemClock_Config	3
../Core/Src/main.c:342:13:MX_ADC1_Init	4
../Core/Src/main.c:403:13:MX_I2C1_Init	4
../Core/Src/main.c:451:13:MX_TIM2_Init	4
../Core/Src/main.c:500:13:MX_TIM3_Init	4
../Core/Src/main.c:545:13:MX_USART3_UART_Init	2
../Core/Src/main.c:578:13:MX_USART6_UART_Init	2
../Core/Src/main.c:611:13:MX_USB_OTG_FS_PCD_Init	2
../Core/Src/main.c:646:13:MX_GPIO_Init	1
../Core/Src/main.c:736:6:HAL_TIM_PeriodElapsedCallback	3
../Core/Src/main.c:752:6:HAL_GPIO_EXTI_Callback	3
../Core/Src/main.c:772:6:Error_Handler	1
